Godot Engine v4.7.2.stable.official.ed1daf0bf - https://godotengine.org

ERROR: Failed to read the root certificate store.
   at: get_system_ca_certificates (platform/windows/os_windows.cpp:2582)
FurnitureAndPickups/StraightThreeStepSection/Step03/Tread | [P: (-7.981098, -0.388722, 1.322666), S: (1.181268, 0.16, 3.915857)]
FurnitureAndPickups/StraightThreeStepSection2/Step03/Tread | [P: (-5.456069, -2.392901, 0.280541), S: (2.27267, 0.16, 4.237937)]
FurnitureAndPickups/StraightThreeStepSection3/Step03/Tread | [P: (-8.624375, -14.86524, 0.49622), S: (2.115416, 0.16, 3.816501)]
FurnitureAndPickups/StraightThreeStepSection4/Step03/Tread | [P: (-4.892462, -16.36947, 0.882057), S: (1.075549, 0.16, 3.3787)]
FurnitureAndPickups/StraightThreeStepSection5/Step03/Tread | [P: (-7.928163, -17.83508, 0.90224), S: (1.049236, 0.170456, 1.315519)]
FurnitureAndPickups/StraightThreeStepSection9/Step03/Tread | [P: (-29.10768, 3.889731, 10.80073), S: (2.109589, 0.16, 3.813353)]
FurnitureAndPickups/StraightThreeStepSection10/Step03/Tread | [P: (-31.79979, 2.385493, 10.84694), S: (1.07037, 0.16, 3.377144)]
FurnitureAndPickups/StraightThreeStepSection11/Step03/Tread | [P: (-28.74093, 0.919886, 12.89466), S: (1.047237, 0.170458, 1.31394)]
FurnitureAndPickups/StraightThreeStepSection12/Step03/Tread | [P: (-30.07025, 3.827173, -1.757579), S: (3.527, 0.16, 2.081181)]
FurnitureAndPickups/StraightThreeStepSection13/Step03/Tread | [P: (-30.03596, 1.869096, 2.376681), S: (3.368137, 0.16, 1.515681)]
FurnitureAndPickups/StraightThreeStepSection6/Step03/Tread | [P: (-9.365938, -4.028052, 0.600303), S: (2.336735, 0.170457, 1.741434)]
FurnitureAndPickups/StraightThreeStepSection7/Step03/Tread | [P: (-9.365938, -4.028052, 0.600303), S: (2.336735, 0.170457, 1.741434)]
FurnitureAndPickups/StraightThreeStepSection8/Step03/Tread | [P: (-8.432273, -6.163488, 5.111966), S: (1.639623, 0.176906, 1.74194)]
BasementAccessAndInitialRoom/Floor/Mesh | [P: (-11.74159, -7.515582, -1.008648), S: (12.0, 0.22, 8.0)]
BasementAccessAndInitialRoom/Floor2/Mesh | [P: (-11.74159, -7.515582, 6.694167), S: (12.0, 0.22, 8.0)]
BasementAccessAndInitialRoom/Floor3/Mesh | [P: (-7.592683, -6.524295, 6.592523), S: (1.99685, 0.22, 8.108896)]
BasementAccessAndInitialRoom/Floor3/TunnelCeilingBranch1 | [P: (-5.595833, -6.524295, 6.592523), S: (0.740928, 0.22, 4.047487)]
BasementAccessAndInitialRoom/Floor3/TunnelCeilingBranch2 | [P: (-4.854905, -6.524295, 7.884205), S: (5.113318, 0.22, 2.755805)]
BasementAccessAndInitialRoom/CeilingWest/Mesh | [P: (-13.86667, -3.255582, -1.008595), S: (4.4, 0.22, 7.999896)]
BasementAccessAndInitialRoom/CeilingEast/Mesh | [P: (-3.202966, -3.255582, -1.008647), S: (4.211776, 0.22, 7.999998)]
BasementAccessAndInitialRoom/CeilingNorth/Mesh | [P: (-8.846157, -3.255582, -1.779894), S: (6.209142, 0.22, 2.4)]
BasementAccessAndInitialRoom/CeilingSouth/Mesh | [P: (-9.715961, -2.76204, 4.639901), S: (7.038326, 0.22, 2.4)]
BasementAccessAndInitialRoom/ShaftWest/Mesh | [P: (-9.579246, -3.099261, 0.545596), S: (1.461807, 2.765429, 6.101701)]
BasementAccessAndInitialRoom/ShaftEast/Mesh | [P: (-4.11844, -3.128946, 0.372983), S: (1.265219, 3.077481, 6.025304)]
BasementAccessAndInitialRoom/ShaftNorth/Mesh | [P: (-9.322519, -3.150582, 0.370101), S: (6.77301, 2.969147, 0.22)]
BasementAccessAndInitialRoom/ShaftNorth2/Mesh | [P: (-9.500144, -2.778034, 4.652957), S: (6.534346, 2.716775, 0.278577)]
BasementAccessAndInitialRoom/NorthBeam | [P: (-11.44159, -3.615582, 0.176296), S: (11.4, 0.28, 0.3)]
BasementAccessAndInitialRoom/SouthBeam | [P: (-11.44159, -3.615582, 5.510529), S: (11.4, 0.28, 0.3)]
BasementAccessAndInitialRoom/SouthBeam2 | [P: (-9.856576, -7.379049, 5.51581), S: (0.277861, 3.929234, 0.289438)]
BasementAccessAndInitialRoom/SouthBeam6 | [P: (-6.402302, -7.925713, 2.299113), S: (0.340893, 7.733451, 0.374459)]
BasementAccessAndInitialRoom/SouthBeam9 | [P: (-7.839632, -5.982205, 1.123515), S: (1.741852, 2.100609, 1.55848)]
BasementAccessAndInitialRoom/SouthBeam10 | [P: (-6.606956, -6.012859, 2.157186), S: (0.469954, 0.171649, 0.480386)]
BasementAccessAndInitialRoom/SouthBeam12 | [P: (-7.887906, -4.166991, 1.051473), S: (0.469954, 0.171649, 0.480386)]
BasementAccessAndInitialRoom/SouthBeam11 | [P: (-4.65105, -2.519941, 2.246724), S: (0.196009, 0.171648, 0.490077)]
BasementAccessAndInitialRoom/SouthBeam7 | [P: (-6.402302, -7.925713, 2.299113), S: (0.340893, 7.733451, 0.374459)]
BasementAccessAndInitialRoom/SouthBeam8 | [P: (-6.385599, -4.555581, 2.307206), S: (1.87578, 2.308976, 0.362574)]
BasementAccessAndInitialRoom/SouthBeam13 | [P: (-7.805121, -0.3904, 2.29943), S: (1.74482, 0.211441, 0.375419)]
BasementAccessAndInitialRoom/SouthBeam14 | [P: (-7.70583, -0.429636, 0.881335), S: (0.406815, 0.214392, 3.352178)]
BasementAccessAndInitialRoom/SouthBeam4 | [P: (-9.856576, -7.379049, 0.187012), S: (0.277861, 3.929234, 0.289438)]
BasementAccessAndInitialRoom/SouthBeam5 | [P: (-2.12825, -7.379049, 0.187012), S: (0.277862, 3.929234, 0.289438)]
BasementAccessAndInitialRoom/SouthBeam3 | [P: (-2.343911, -7.379049, 5.51581), S: (0.277862, 3.929234, 0.289438)]
BasementAccessAndInitialRoom/ShaftNorth3/Mesh | [P: (-11.66906, -7.548551, -0.581039), S: (11.85496, 4.766788, 0.22)]
BasementAccessAndInitialRoom/ShaftNorth4/Mesh | [P: (-6.64868, -7.540886, 6.592523), S: (6.907093, 4.766788, 0.22)]
BasementAccessAndInitialRoom/ShaftNorth12/Mesh | [P: (-7.592683, -7.515583, 14.48142), S: (1.99685, 1.211287, 0.219999)]
BasementAccessAndInitialRoom/ShaftNorth13/Mesh | [P: (-5.840251, -7.515583, 9.753354), S: (6.098665, 1.211287, 0.219999)]
BasementAccessAndInitialRoom/ShaftNorth14/Mesh | [P: (-5.076817, -7.515583, 10.42001), S: (5.33523, 1.211287, 0.219999)]
BasementAccessAndInitialRoom/ShaftNorth15/Mesh | [P: (-5.076817, -7.515583, 7.884205), S: (5.33523, 1.211287, 0.22)]
BasementAccessAndInitialRoom/ShaftNorth8/Mesh | [P: (-7.592683, -6.524295, 6.592523), S: (2.736778, 0.22, 0.22)]
BasementAccessAndInitialRoom/ShaftNorth7/Mesh | [P: (-11.74159, -7.540886, 6.592523), S: (4.368244, 4.766788, 0.22)]
BasementAccessAndInitialRoom/ShaftNorth9/Mesh2 | [P: (-7.592683, -7.515583, 6.675278), S: (0.240563, 1.211287, 7.987438)]
BasementAccessAndInitialRoom/ShaftNorth10/Mesh2 | [P: (-6.646968, -7.515582, 6.797624), S: (0.237617, 1.211287, 6.86474)]
BasementAccessAndInitialRoom/ShaftNorth11/Mesh2 | [P: (-5.834233, -7.515583, 10.42113), S: (0.238399, 1.211287, 4.280287)]
BasementAccessAndInitialRoom/ShaftNorth16/Mesh2 | [P: (-5.823434, -7.515583, 7.44315), S: (0.223687, 1.211287, 1.672848)]
BasementAccessAndInitialRoom/ShaftNorth17/Mesh2 | [P: (-5.078905, -7.515583, 7.7625), S: (0.223687, 1.211287, 1.672848)]
BasementAccessAndInitialRoom/ShaftNorth18/Mesh2 | [P: (-5.078905, -7.515583, 6.795154), S: (0.223687, 1.211287, 1.672848)]
BasementAccessAndInitialRoom/ShaftNorth5/Mesh | [P: (-11.68374, -7.540886, -1.362259), S: (0.351397, 4.766788, 8.557382)]
BasementAccessAndInitialRoom/ShaftNorth6/Mesh | [P: (-0.547727, -7.540886, -1.362259), S: (0.351396, 4.766788, 8.557382)]
