Godot Engine v4.7.2.stable.official.ed1daf0bf - https://godotengine.org

SCRIPT ERROR: Trying to assign value of type 'Nil' to a variable of type 'PackedInt32Array'.
   at: scan (res://tools/audit_render_cost.gd:20)
   GDScript backtrace (most recent call first):
       [0] scan (res://tools/audit_render_cost.gd:20)
       [1] scan (res://tools/audit_render_cost.gd:33)
       [2] scan (res://tools/audit_render_cost.gd:33)
       [3] scan (res://tools/audit_render_cost.gd:33)
       [4] scan (res://tools/audit_render_cost.gd:33)
       [5] _init (res://tools/audit_render_cost.gd:6)
SCRIPT ERROR: Trying to assign value of type 'Nil' to a variable of type 'PackedInt32Array'.
   at: scan (res://tools/audit_render_cost.gd:20)
   GDScript backtrace (most recent call first):
       [0] scan (res://tools/audit_render_cost.gd:20)
       [1] scan (res://tools/audit_render_cost.gd:33)
       [2] scan (res://tools/audit_render_cost.gd:33)
       [3] scan (res://tools/audit_render_cost.gd:33)
       [4] scan (res://tools/audit_render_cost.gd:33)
       [5] _init (res://tools/audit_render_cost.gd:6)
SCRIPT ERROR: Trying to assign value of type 'Nil' to a variable of type 'PackedInt32Array'.
   at: scan (res://tools/audit_render_cost.gd:20)
   GDScript backtrace (most recent call first):
       [0] scan (res://tools/audit_render_cost.gd:20)
       [1] scan (res://tools/audit_render_cost.gd:33)
       [2] scan (res://tools/audit_render_cost.gd:33)
       [3] scan (res://tools/audit_render_cost.gd:33)
       [4] scan (res://tools/audit_render_cost.gd:33)
       [5] _init (res://tools/audit_render_cost.gd:6)
SCRIPT ERROR: Trying to assign value of type 'Nil' to a variable of type 'PackedInt32Array'.
   at: scan (res://tools/audit_render_cost.gd:20)
   GDScript backtrace (most recent call first):
       [0] scan (res://tools/audit_render_cost.gd:20)
       [1] scan (res://tools/audit_render_cost.gd:33)
       [2] scan (res://tools/audit_render_cost.gd:33)
       [3] _init (res://tools/audit_render_cost.gd:6)
SCRIPT ERROR: Trying to assign value of type 'Nil' to a variable of type 'PackedInt32Array'.
   at: scan (res://tools/audit_render_cost.gd:20)
   GDScript backtrace (most recent call first):
       [0] scan (res://tools/audit_render_cost.gd:20)
       [1] scan (res://tools/audit_render_cost.gd:33)
       [2] scan (res://tools/audit_render_cost.gd:33)
       [3] scan (res://tools/audit_render_cost.gd:33)
       [4] _init (res://tools/audit_render_cost.gd:6)
SCRIPT ERROR: Trying to assign value of type 'Nil' to a variable of type 'PackedInt32Array'.
   at: scan (res://tools/audit_render_cost.gd:20)
   GDScript backtrace (most recent call first):
       [0] scan (res://tools/audit_render_cost.gd:20)
       [1] scan (res://tools/audit_render_cost.gd:33)
       [2] scan (res://tools/audit_render_cost.gd:33)
       [3] scan (res://tools/audit_render_cost.gd:33)
       [4] scan (res://tools/audit_render_cost.gd:33)
       [5] _init (res://tools/audit_render_cost.gd:6)
SCRIPT ERROR: Trying to assign value of type 'Nil' to a variable of type 'PackedInt32Array'.
   at: scan (res://tools/audit_render_cost.gd:20)
   GDScript backtrace (most recent call first):
       [0] scan (res://tools/audit_render_cost.gd:20)
       [1] scan (res://tools/audit_render_cost.gd:33)
       [2] scan (res://tools/audit_render_cost.gd:33)
       [3] scan (res://tools/audit_render_cost.gd:33)
       [4] _init (res://tools/audit_render_cost.gd:6)
SCRIPT ERROR: Trying to assign value of type 'Nil' to a variable of type 'PackedInt32Array'.
   at: scan (res://tools/audit_render_cost.gd:20)
   GDScript backtrace (most recent call first):
       [0] scan (res://tools/audit_render_cost.gd:20)
       [1] scan (res://tools/audit_render_cost.gd:33)
       [2] scan (res://tools/audit_render_cost.gd:33)
       [3] _init (res://tools/audit_render_cost.gd:6)
SCRIPT ERROR: Trying to assign value of type 'Nil' to a variable of type 'PackedInt32Array'.
   at: scan (res://tools/audit_render_cost.gd:20)
   GDScript backtrace (most recent call first):
       [0] scan (res://tools/audit_render_cost.gd:20)
       [1] scan (res://tools/audit_render_cost.gd:33)
       [2] scan (res://tools/audit_render_cost.gd:33)
       [3] _init (res://tools/audit_render_cost.gd:6)
SCRIPT ERROR: Trying to assign value of type 'Nil' to a variable of type 'PackedInt32Array'.
   at: scan (res://tools/audit_render_cost.gd:20)
   GDScript backtrace (most recent call first):
       [0] scan (res://tools/audit_render_cost.gd:20)
       [1] scan (res://tools/audit_render_cost.gd:33)
       [2] scan (res://tools/audit_render_cost.gd:33)
       [3] _init (res://tools/audit_render_cost.gd:6)
SCRIPT ERROR: Trying to assign value of type 'Nil' to a variable of type 'PackedInt32Array'.
   at: scan (res://tools/audit_render_cost.gd:20)
   GDScript backtrace (most recent call first):
       [0] scan (res://tools/audit_render_cost.gd:20)
       [1] scan (res://tools/audit_render_cost.gd:33)
       [2] scan (res://tools/audit_render_cost.gd:33)
       [3] _init (res://tools/audit_render_cost.gd:6)
SCRIPT ERROR: Trying to assign value of type 'Nil' to a variable of type 'PackedInt32Array'.
   at: scan (res://tools/audit_render_cost.gd:20)
   GDScript backtrace (most recent call first):
       [0] scan (res://tools/audit_render_cost.gd:20)
       [1] scan (res://tools/audit_render_cost.gd:33)
       [2] scan (res://tools/audit_render_cost.gd:33)
       [3] _init (res://tools/audit_render_cost.gd:6)
SCRIPT ERROR: Trying to assign value of type 'Nil' to a variable of type 'PackedInt32Array'.
   at: scan (res://tools/audit_render_cost.gd:20)
   GDScript backtrace (most recent call first):
       [0] scan (res://tools/audit_render_cost.gd:20)
       [1] scan (res://tools/audit_render_cost.gd:33)
       [2] scan (res://tools/audit_render_cost.gd:33)
       [3] _init (res://tools/audit_render_cost.gd:6)
SCRIPT ERROR: Trying to assign value of type 'Nil' to a variable of type 'PackedInt32Array'.
   at: scan (res://tools/audit_render_cost.gd:20)
   GDScript backtrace (most recent call first):
       [0] scan (res://tools/audit_render_cost.gd:20)
       [1] scan (res://tools/audit_render_cost.gd:33)
       [2] scan (res://tools/audit_render_cost.gd:33)
       [3] _init (res://tools/audit_render_cost.gd:6)
SCRIPT ERROR: Trying to assign value of type 'Nil' to a variable of type 'PackedInt32Array'.
   at: scan (res://tools/audit_render_cost.gd:20)
   GDScript backtrace (most recent call first):
       [0] scan (res://tools/audit_render_cost.gd:20)
       [1] scan (res://tools/audit_render_cost.gd:33)
       [2] scan (res://tools/audit_render_cost.gd:33)
       [3] _init (res://tools/audit_render_cost.gd:6)
SCRIPT ERROR: Trying to assign value of type 'Nil' to a variable of type 'PackedInt32Array'.
   at: scan (res://tools/audit_render_cost.gd:20)
   GDScript backtrace (most recent call first):
       [0] scan (res://tools/audit_render_cost.gd:20)
       [1] scan (res://tools/audit_render_cost.gd:33)
       [2] scan (res://tools/audit_render_cost.gd:33)
       [3] _init (res://tools/audit_render_cost.gd:6)
SCRIPT ERROR: Trying to assign value of type 'Nil' to a variable of type 'PackedInt32Array'.
   at: scan (res://tools/audit_render_cost.gd:20)
   GDScript backtrace (most recent call first):
       [0] scan (res://tools/audit_render_cost.gd:20)
       [1] scan (res://tools/audit_render_cost.gd:33)
       [2] scan (res://tools/audit_render_cost.gd:33)
       [3] _init (res://tools/audit_render_cost.gd:6)
SCRIPT ERROR: Trying to assign value of type 'Nil' to a variable of type 'PackedInt32Array'.
   at: scan (res://tools/audit_render_cost.gd:20)
   GDScript backtrace (most recent call first):
       [0] scan (res://tools/audit_render_cost.gd:20)
       [1] scan (res://tools/audit_render_cost.gd:33)
       [2] scan (res://tools/audit_render_cost.gd:33)
       [3] _init (res://tools/audit_render_cost.gd:6)
SCRIPT ERROR: Trying to assign value of type 'Nil' to a variable of type 'PackedInt32Array'.
   at: scan (res://tools/audit_render_cost.gd:20)
   GDScript backtrace (most recent call first):
       [0] scan (res://tools/audit_render_cost.gd:20)
       [1] scan (res://tools/audit_render_cost.gd:33)
       [2] scan (res://tools/audit_render_cost.gd:33)
       [3] _init (res://tools/audit_render_cost.gd:6)
SCRIPT ERROR: Trying to assign value of type 'Nil' to a variable of type 'PackedInt32Array'.
   at: scan (res://tools/audit_render_cost.gd:20)
   GDScript backtrace (most recent call first):
       [0] scan (res://tools/audit_render_cost.gd:20)
       [1] scan (res://tools/audit_render_cost.gd:33)
       [2] scan (res://tools/audit_render_cost.gd:33)
       [3] _init (res://tools/audit_render_cost.gd:6)
SCRIPT ERROR: Trying to assign value of type 'Nil' to a variable of type 'PackedInt32Array'.
   at: scan (res://tools/audit_render_cost.gd:20)
   GDScript backtrace (most recent call first):
       [0] scan (res://tools/audit_render_cost.gd:20)
       [1] scan (res://tools/audit_render_cost.gd:33)
       [2] scan (res://tools/audit_render_cost.gd:33)
       [3] _init (res://tools/audit_render_cost.gd:6)
SCRIPT ERROR: Trying to assign value of type 'Nil' to a variable of type 'PackedInt32Array'.
   at: scan (res://tools/audit_render_cost.gd:20)
   GDScript backtrace (most recent call first):
       [0] scan (res://tools/audit_render_cost.gd:20)
       [1] scan (res://tools/audit_render_cost.gd:33)
       [2] scan (res://tools/audit_render_cost.gd:33)
       [3] _init (res://tools/audit_render_cost.gd:6)
SCRIPT ERROR: Trying to assign value of type 'Nil' to a variable of type 'PackedInt32Array'.
   at: scan (res://tools/audit_render_cost.gd:20)
   GDScript backtrace (most recent call first):
       [0] scan (res://tools/audit_render_cost.gd:20)
       [1] scan (res://tools/audit_render_cost.gd:33)
       [2] scan (res://tools/audit_render_cost.gd:33)
       [3] _init (res://tools/audit_render_cost.gd:6)
SCRIPT ERROR: Trying to assign value of type 'Nil' to a variable of type 'PackedInt32Array'.
   at: scan (res://tools/audit_render_cost.gd:20)
   GDScript backtrace (most recent call first):
       [0] scan (res://tools/audit_render_cost.gd:20)
       [1] scan (res://tools/audit_render_cost.gd:33)
       [2] scan (res://tools/audit_render_cost.gd:33)
       [3] _init (res://tools/audit_render_cost.gd:6)
SCRIPT ERROR: Trying to assign value of type 'Nil' to a variable of type 'PackedInt32Array'.
   at: scan (res://tools/audit_render_cost.gd:20)
   GDScript backtrace (most recent call first):
       [0] scan (res://tools/audit_render_cost.gd:20)
       [1] scan (res://tools/audit_render_cost.gd:33)
       [2] scan (res://tools/audit_render_cost.gd:33)
       [3] _init (res://tools/audit_render_cost.gd:6)
SCRIPT ERROR: Trying to assign value of type 'Nil' to a variable of type 'PackedInt32Array'.
   at: scan (res://tools/audit_render_cost.gd:20)
   GDScript backtrace (most recent call first):
       [0] scan (res://tools/audit_render_cost.gd:20)
       [1] scan (res://tools/audit_render_cost.gd:33)
       [2] scan (res://tools/audit_render_cost.gd:33)
       [3] _init (res://tools/audit_render_cost.gd:6)
SCRIPT ERROR: Trying to assign value of type 'Nil' to a variable of type 'PackedInt32Array'.
   at: scan (res://tools/audit_render_cost.gd:20)
   GDScript backtrace (most recent call first):
       [0] scan (res://tools/audit_render_cost.gd:20)
       [1] scan (res://tools/audit_render_cost.gd:33)
       [2] scan (res://tools/audit_render_cost.gd:33)
       [3] _init (res://tools/audit_render_cost.gd:6)
SCRIPT ERROR: Trying to assign value of type 'Nil' to a variable of type 'PackedInt32Array'.
   at: scan (res://tools/audit_render_cost.gd:20)
   GDScript backtrace (most recent call first):
       [0] scan (res://tools/audit_render_cost.gd:20)
       [1] scan (res://tools/audit_render_cost.gd:33)
       [2] scan (res://tools/audit_render_cost.gd:33)
       [3] _init (res://tools/audit_render_cost.gd:6)
SCRIPT ERROR: Trying to assign value of type 'Nil' to a variable of type 'PackedInt32Array'.
   at: scan (res://tools/audit_render_cost.gd:20)
   GDScript backtrace (most recent call first):
       [0] scan (res://tools/audit_render_cost.gd:20)
       [1] scan (res://tools/audit_render_cost.gd:33)
       [2] scan (res://tools/audit_render_cost.gd:33)
       [3] _init (res://tools/audit_render_cost.gd:6)
SCRIPT ERROR: Trying to assign value of type 'Nil' to a variable of type 'PackedInt32Array'.
   at: scan (res://tools/audit_render_cost.gd:20)
   GDScript backtrace (most recent call first):
       [0] scan (res://tools/audit_render_cost.gd:20)
       [1] scan (res://tools/audit_render_cost.gd:33)
       [2] scan (res://tools/audit_render_cost.gd:33)
       [3] _init (res://tools/audit_render_cost.gd:6)
SCRIPT ERROR: Trying to assign value of type 'Nil' to a variable of type 'PackedInt32Array'.
   at: scan (res://tools/audit_render_cost.gd:20)
   GDScript backtrace (most recent call first):
       [0] scan (res://tools/audit_render_cost.gd:20)
       [1] scan (res://tools/audit_render_cost.gd:33)
       [2] scan (res://tools/audit_render_cost.gd:33)
       [3] _init (res://tools/audit_render_cost.gd:6)
SCRIPT ERROR: Trying to assign value of type 'Nil' to a variable of type 'PackedInt32Array'.
   at: scan (res://tools/audit_render_cost.gd:20)
   GDScript backtrace (most recent call first):
       [0] scan (res://tools/audit_render_cost.gd:20)
       [1] scan (res://tools/audit_render_cost.gd:33)
       [2] scan (res://tools/audit_render_cost.gd:33)
       [3] _init (res://tools/audit_render_cost.gd:6)
SCRIPT ERROR: Trying to assign value of type 'Nil' to a variable of type 'PackedInt32Array'.
   at: scan (res://tools/audit_render_cost.gd:20)
   GDScript backtrace (most recent call first):
       [0] scan (res://tools/audit_render_cost.gd:20)
       [1] scan (res://tools/audit_render_cost.gd:33)
       [2] scan (res://tools/audit_render_cost.gd:33)
       [3] _init (res://tools/audit_render_cost.gd:6)
SCRIPT ERROR: Trying to assign value of type 'Nil' to a variable of type 'PackedInt32Array'.
   at: scan (res://tools/audit_render_cost.gd:20)
   GDScript backtrace (most recent call first):
       [0] scan (res://tools/audit_render_cost.gd:20)
       [1] scan (res://tools/audit_render_cost.gd:33)
       [2] scan (res://tools/audit_render_cost.gd:33)
       [3] _init (res://tools/audit_render_cost.gd:6)
SCRIPT ERROR: Trying to assign value of type 'Nil' to a variable of type 'PackedInt32Array'.
   at: scan (res://tools/audit_render_cost.gd:20)
   GDScript backtrace (most recent call first):
       [0] scan (res://tools/audit_render_cost.gd:20)
       [1] scan (res://tools/audit_render_cost.gd:33)
       [2] scan (res://tools/audit_render_cost.gd:33)
       [3] _init (res://tools/audit_render_cost.gd:6)
SCRIPT ERROR: Trying to assign value of type 'Nil' to a variable of type 'PackedInt32Array'.
   at: scan (res://tools/audit_render_cost.gd:20)
   GDScript backtrace (most recent call first):
       [0] scan (res://tools/audit_render_cost.gd:20)
       [1] scan (res://tools/audit_render_cost.gd:33)
       [2] scan (res://tools/audit_render_cost.gd:33)
       [3] _init (res://tools/audit_render_cost.gd:6)
SCRIPT ERROR: Trying to assign value of type 'Nil' to a variable of type 'PackedInt32Array'.
   at: scan (res://tools/audit_render_cost.gd:20)
   GDScript backtrace (most recent call first):
       [0] scan (res://tools/audit_render_cost.gd:20)
       [1] scan (res://tools/audit_render_cost.gd:33)
       [2] scan (res://tools/audit_render_cost.gd:33)
       [3] _init (res://tools/audit_render_cost.gd:6)
SCRIPT ERROR: Trying to assign value of type 'Nil' to a variable of type 'PackedInt32Array'.
   at: scan (res://tools/audit_render_cost.gd:20)
   GDScript backtrace (most recent call first):
       [0] scan (res://tools/audit_render_cost.gd:20)
       [1] scan (res://tools/audit_render_cost.gd:33)
       [2] scan (res://tools/audit_render_cost.gd:33)
       [3] _init (res://tools/audit_render_cost.gd:6)
SCRIPT ERROR: Trying to assign value of type 'Nil' to a variable of type 'PackedInt32Array'.
   at: scan (res://tools/audit_render_cost.gd:20)
   GDScript backtrace (most recent call first):
       [0] scan (res://tools/audit_render_cost.gd:20)
       [1] scan (res://tools/audit_render_cost.gd:33)
       [2] scan (res://tools/audit_render_cost.gd:33)
       [3] _init (res://tools/audit_render_cost.gd:6)
SCRIPT ERROR: Trying to assign value of type 'Nil' to a variable of type 'PackedInt32Array'.
   at: scan (res://tools/audit_render_cost.gd:20)
   GDScript backtrace (most recent call first):
       [0] scan (res://tools/audit_render_cost.gd:20)
       [1] scan (res://tools/audit_render_cost.gd:33)
       [2] scan (res://tools/audit_render_cost.gd:33)
       [3] _init (res://tools/audit_render_cost.gd:6)
SCRIPT ERROR: Trying to assign value of type 'Nil' to a variable of type 'PackedInt32Array'.
   at: scan (res://tools/audit_render_cost.gd:20)
   GDScript backtrace (most recent call first):
       [0] scan (res://tools/audit_render_cost.gd:20)
       [1] scan (res://tools/audit_render_cost.gd:33)
       [2] scan (res://tools/audit_render_cost.gd:33)
       [3] _init (res://tools/audit_render_cost.gd:6)
SCRIPT ERROR: Trying to assign value of type 'Nil' to a variable of type 'PackedInt32Array'.
   at: scan (res://tools/audit_render_cost.gd:20)
   GDScript backtrace (most recent call first):
       [0] scan (res://tools/audit_render_cost.gd:20)
       [1] scan (res://tools/audit_render_cost.gd:33)
       [2] scan (res://tools/audit_render_cost.gd:33)
       [3] _init (res://tools/audit_render_cost.gd:6)
SCRIPT ERROR: Trying to assign value of type 'Nil' to a variable of type 'PackedInt32Array'.
   at: scan (res://tools/audit_render_cost.gd:20)
   GDScript backtrace (most recent call first):
       [0] scan (res://tools/audit_render_cost.gd:20)
       [1] scan (res://tools/audit_render_cost.gd:33)
       [2] scan (res://tools/audit_render_cost.gd:33)
       [3] _init (res://tools/audit_render_cost.gd:6)
SCRIPT ERROR: Trying to assign value of type 'Nil' to a variable of type 'PackedInt32Array'.
   at: scan (res://tools/audit_render_cost.gd:20)
   GDScript backtrace (most recent call first):
       [0] scan (res://tools/audit_render_cost.gd:20)
       [1] scan (res://tools/audit_render_cost.gd:33)
       [2] scan (res://tools/audit_render_cost.gd:33)
       [3] _init (res://tools/audit_render_cost.gd:6)
SCRIPT ERROR: Trying to assign value of type 'Nil' to a variable of type 'PackedInt32Array'.
   at: scan (res://tools/audit_render_cost.gd:20)
   GDScript backtrace (most recent call first):
       [0] scan (res://tools/audit_render_cost.gd:20)
       [1] scan (res://tools/audit_render_cost.gd:33)
       [2] scan (res://tools/audit_render_cost.gd:33)
       [3] _init (res://tools/audit_render_cost.gd:6)
SCRIPT ERROR: Trying to assign value of type 'Nil' to a variable of type 'PackedInt32Array'.
   at: scan (res://tools/audit_render_cost.gd:20)
   GDScript backtrace (most recent call first):
       [0] scan (res://tools/audit_render_cost.gd:20)
       [1] scan (res://tools/audit_render_cost.gd:33)
       [2] scan (res://tools/audit_render_cost.gd:33)
       [3] _init (res://tools/audit_render_cost.gd:6)
SCRIPT ERROR: Trying to assign value of type 'Nil' to a variable of type 'PackedInt32Array'.
   at: scan (res://tools/audit_render_cost.gd:20)
   GDScript backtrace (most recent call first):
       [0] scan (res://tools/audit_render_cost.gd:20)
       [1] scan (res://tools/audit_render_cost.gd:33)
       [2] scan (res://tools/audit_render_cost.gd:33)
       [3] _init (res://tools/audit_render_cost.gd:6)
SCRIPT ERROR: Trying to assign value of type 'Nil' to a variable of type 'PackedInt32Array'.
   at: scan (res://tools/audit_render_cost.gd:20)
   GDScript backtrace (most recent call first):
       [0] scan (res://tools/audit_render_cost.gd:20)
       [1] scan (res://tools/audit_render_cost.gd:33)
       [2] scan (res://tools/audit_render_cost.gd:33)
       [3] _init (res://tools/audit_render_cost.gd:6)
SCRIPT ERROR: Trying to assign value of type 'Nil' to a variable of type 'PackedInt32Array'.
   at: scan (res://tools/audit_render_cost.gd:20)
   GDScript backtrace (most recent call first):
       [0] scan (res://tools/audit_render_cost.gd:20)
       [1] scan (res://tools/audit_render_cost.gd:33)
       [2] scan (res://tools/audit_render_cost.gd:33)
       [3] _init (res://tools/audit_render_cost.gd:6)
SCRIPT ERROR: Trying to assign value of type 'Nil' to a variable of type 'PackedInt32Array'.
   at: scan (res://tools/audit_render_cost.gd:20)
   GDScript backtrace (most recent call first):
       [0] scan (res://tools/audit_render_cost.gd:20)
       [1] scan (res://tools/audit_render_cost.gd:33)
       [2] scan (res://tools/audit_render_cost.gd:33)
       [3] _init (res://tools/audit_render_cost.gd:6)
SCRIPT ERROR: Trying to assign value of type 'Nil' to a variable of type 'PackedInt32Array'.
   at: scan (res://tools/audit_render_cost.gd:20)
   GDScript backtrace (most recent call first):
       [0] scan (res://tools/audit_render_cost.gd:20)
       [1] scan (res://tools/audit_render_cost.gd:33)
       [2] scan (res://tools/audit_render_cost.gd:33)
       [3] _init (res://tools/audit_render_cost.gd:6)
SCRIPT ERROR: Trying to assign value of type 'Nil' to a variable of type 'PackedInt32Array'.
   at: scan (res://tools/audit_render_cost.gd:20)
   GDScript backtrace (most recent call first):
       [0] scan (res://tools/audit_render_cost.gd:20)
       [1] scan (res://tools/audit_render_cost.gd:33)
       [2] scan (res://tools/audit_render_cost.gd:33)
       [3] _init (res://tools/audit_render_cost.gd:6)
SCRIPT ERROR: Trying to assign value of type 'Nil' to a variable of type 'PackedInt32Array'.
   at: scan (res://tools/audit_render_cost.gd:20)
   GDScript backtrace (most recent call first):
       [0] scan (res://tools/audit_render_cost.gd:20)
       [1] scan (res://tools/audit_render_cost.gd:33)
       [2] scan (res://tools/audit_render_cost.gd:33)
       [3] _init (res://tools/audit_render_cost.gd:6)
SCRIPT ERROR: Trying to assign value of type 'Nil' to a variable of type 'PackedInt32Array'.
   at: scan (res://tools/audit_render_cost.gd:20)
   GDScript backtrace (most recent call first):
       [0] scan (res://tools/audit_render_cost.gd:20)
       [1] scan (res://tools/audit_render_cost.gd:33)
       [2] scan (res://tools/audit_render_cost.gd:33)
       [3] _init (res://tools/audit_render_cost.gd:6)
SCRIPT ERROR: Trying to assign value of type 'Nil' to a variable of type 'PackedInt32Array'.
   at: scan (res://tools/audit_render_cost.gd:20)
   GDScript backtrace (most recent call first):
       [0] scan (res://tools/audit_render_cost.gd:20)
       [1] scan (res://tools/audit_render_cost.gd:33)
       [2] scan (res://tools/audit_render_cost.gd:33)
       [3] _init (res://tools/audit_render_cost.gd:6)
SCRIPT ERROR: Trying to assign value of type 'Nil' to a variable of type 'PackedInt32Array'.
   at: scan (res://tools/audit_render_cost.gd:20)
   GDScript backtrace (most recent call first):
       [0] scan (res://tools/audit_render_cost.gd:20)
       [1] scan (res://tools/audit_render_cost.gd:33)
       [2] scan (res://tools/audit_render_cost.gd:33)
       [3] _init (res://tools/audit_render_cost.gd:6)
SCRIPT ERROR: Trying to assign value of type 'Nil' to a variable of type 'PackedInt32Array'.
   at: scan (res://tools/audit_render_cost.gd:20)
   GDScript backtrace (most recent call first):
       [0] scan (res://tools/audit_render_cost.gd:20)
       [1] scan (res://tools/audit_render_cost.gd:33)
       [2] scan (res://tools/audit_render_cost.gd:33)
       [3] _init (res://tools/audit_render_cost.gd:6)
SCRIPT ERROR: Trying to assign value of type 'Nil' to a variable of type 'PackedInt32Array'.
   at: scan (res://tools/audit_render_cost.gd:20)
   GDScript backtrace (most recent call first):
       [0] scan (res://tools/audit_render_cost.gd:20)
       [1] scan (res://tools/audit_render_cost.gd:33)
       [2] scan (res://tools/audit_render_cost.gd:33)
       [3] _init (res://tools/audit_render_cost.gd:6)
SCRIPT ERROR: Trying to assign value of type 'Nil' to a variable of type 'PackedInt32Array'.
   at: scan (res://tools/audit_render_cost.gd:20)
   GDScript backtrace (most recent call first):
       [0] scan (res://tools/audit_render_cost.gd:20)
       [1] scan (res://tools/audit_render_cost.gd:33)
       [2] scan (res://tools/audit_render_cost.gd:33)
       [3] _init (res://tools/audit_render_cost.gd:6)
SCRIPT ERROR: Trying to assign value of type 'Nil' to a variable of type 'PackedInt32Array'.
   at: scan (res://tools/audit_render_cost.gd:20)
   GDScript backtrace (most recent call first):
       [0] scan (res://tools/audit_render_cost.gd:20)
       [1] scan (res://tools/audit_render_cost.gd:33)
       [2] scan (res://tools/audit_render_cost.gd:33)
       [3] _init (res://tools/audit_render_cost.gd:6)
SCRIPT ERROR: Trying to assign value of type 'Nil' to a variable of type 'PackedInt32Array'.
   at: scan (res://tools/audit_render_cost.gd:20)
   GDScript backtrace (most recent call first):
       [0] scan (res://tools/audit_render_cost.gd:20)
       [1] scan (res://tools/audit_render_cost.gd:33)
       [2] scan (res://tools/audit_render_cost.gd:33)
       [3] _init (res://tools/audit_render_cost.gd:6)
SCRIPT ERROR: Trying to assign value of type 'Nil' to a variable of type 'PackedInt32Array'.
   at: scan (res://tools/audit_render_cost.gd:20)
   GDScript backtrace (most recent call first):
       [0] scan (res://tools/audit_render_cost.gd:20)
       [1] scan (res://tools/audit_render_cost.gd:33)
       [2] scan (res://tools/audit_render_cost.gd:33)
       [3] _init (res://tools/audit_render_cost.gd:6)
SCRIPT ERROR: Trying to assign value of type 'Nil' to a variable of type 'PackedInt32Array'.
   at: scan (res://tools/audit_render_cost.gd:20)
   GDScript backtrace (most recent call first):
       [0] scan (res://tools/audit_render_cost.gd:20)
       [1] scan (res://tools/audit_render_cost.gd:33)
       [2] scan (res://tools/audit_render_cost.gd:33)
       [3] _init (res://tools/audit_render_cost.gd:6)
SCRIPT ERROR: Trying to assign value of type 'Nil' to a variable of type 'PackedInt32Array'.
   at: scan (res://tools/audit_render_cost.gd:20)
   GDScript backtrace (most recent call first):
       [0] scan (res://tools/audit_render_cost.gd:20)
       [1] scan (res://tools/audit_render_cost.gd:33)
       [2] scan (res://tools/audit_render_cost.gd:33)
       [3] _init (res://tools/audit_render_cost.gd:6)
SCRIPT ERROR: Trying to assign value of type 'Nil' to a variable of type 'PackedInt32Array'.
   at: scan (res://tools/audit_render_cost.gd:20)
   GDScript backtrace (most recent call first):
       [0] scan (res://tools/audit_render_cost.gd:20)
       [1] scan (res://tools/audit_render_cost.gd:33)
       [2] scan (res://tools/audit_render_cost.gd:33)
       [3] _init (res://tools/audit_render_cost.gd:6)
SCRIPT ERROR: Trying to assign value of type 'Nil' to a variable of type 'PackedInt32Array'.
   at: scan (res://tools/audit_render_cost.gd:20)
   GDScript backtrace (most recent call first):
       [0] scan (res://tools/audit_render_cost.gd:20)
       [1] scan (res://tools/audit_render_cost.gd:33)
       [2] scan (res://tools/audit_render_cost.gd:33)
       [3] _init (res://tools/audit_render_cost.gd:6)
SCRIPT ERROR: Trying to assign value of type 'Nil' to a variable of type 'PackedInt32Array'.
   at: scan (res://tools/audit_render_cost.gd:20)
   GDScript backtrace (most recent call first):
       [0] scan (res://tools/audit_render_cost.gd:20)
       [1] scan (res://tools/audit_render_cost.gd:33)
       [2] scan (res://tools/audit_render_cost.gd:33)
       [3] _init (res://tools/audit_render_cost.gd:6)
SCRIPT ERROR: Trying to assign value of type 'Nil' to a variable of type 'PackedInt32Array'.
   at: scan (res://tools/audit_render_cost.gd:20)
   GDScript backtrace (most recent call first):
       [0] scan (res://tools/audit_render_cost.gd:20)
       [1] scan (res://tools/audit_render_cost.gd:33)
       [2] scan (res://tools/audit_render_cost.gd:33)
       [3] _init (res://tools/audit_render_cost.gd:6)
SCRIPT ERROR: Trying to assign value of type 'Nil' to a variable of type 'PackedInt32Array'.
   at: scan (res://tools/audit_render_cost.gd:20)
   GDScript backtrace (most recent call first):
       [0] scan (res://tools/audit_render_cost.gd:20)
       [1] scan (res://tools/audit_render_cost.gd:33)
       [2] scan (res://tools/audit_render_cost.gd:33)
       [3] _init (res://tools/audit_render_cost.gd:6)
SCRIPT ERROR: Trying to assign value of type 'Nil' to a variable of type 'PackedInt32Array'.
   at: scan (res://tools/audit_render_cost.gd:20)
   GDScript backtrace (most recent call first):
       [0] scan (res://tools/audit_render_cost.gd:20)
       [1] scan (res://tools/audit_render_cost.gd:33)
       [2] scan (res://tools/audit_render_cost.gd:33)
       [3] _init (res://tools/audit_render_cost.gd:6)
SCRIPT ERROR: Trying to assign value of type 'Nil' to a variable of type 'PackedInt32Array'.
   at: scan (res://tools/audit_render_cost.gd:20)
   GDScript backtrace (most recent call first):
       [0] scan (res://tools/audit_render_cost.gd:20)
       [1] scan (res://tools/audit_render_cost.gd:33)
       [2] scan (res://tools/audit_render_cost.gd:33)
       [3] _init (res://tools/audit_render_cost.gd:6)
SCRIPT ERROR: Trying to assign value of type 'Nil' to a variable of type 'PackedInt32Array'.
   at: scan (res://tools/audit_render_cost.gd:20)
   GDScript backtrace (most recent call first):
       [0] scan (res://tools/audit_render_cost.gd:20)
       [1] scan (res://tools/audit_render_cost.gd:33)
       [2] scan (res://tools/audit_render_cost.gd:33)
       [3] _init (res://tools/audit_render_cost.gd:6)
SCRIPT ERROR: Trying to assign value of type 'Nil' to a variable of type 'PackedInt32Array'.
   at: scan (res://tools/audit_render_cost.gd:20)
   GDScript backtrace (most recent call first):
       [0] scan (res://tools/audit_render_cost.gd:20)
       [1] scan (res://tools/audit_render_cost.gd:33)
       [2] scan (res://tools/audit_render_cost.gd:33)
       [3] _init (res://tools/audit_render_cost.gd:6)
SCRIPT ERROR: Trying to assign value of type 'Nil' to a variable of type 'PackedInt32Array'.
   at: scan (res://tools/audit_render_cost.gd:20)
   GDScript backtrace (most recent call first):
       [0] scan (res://tools/audit_render_cost.gd:20)
       [1] scan (res://tools/audit_render_cost.gd:33)
       [2] scan (res://tools/audit_render_cost.gd:33)
       [3] _init (res://tools/audit_render_cost.gd:6)
SCRIPT ERROR: Trying to assign value of type 'Nil' to a variable of type 'PackedInt32Array'.
   at: scan (res://tools/audit_render_cost.gd:20)
   GDScript backtrace (most recent call first):
       [0] scan (res://tools/audit_render_cost.gd:20)
       [1] scan (res://tools/audit_render_cost.gd:33)
       [2] scan (res://tools/audit_render_cost.gd:33)
       [3] _init (res://tools/audit_render_cost.gd:6)
SCRIPT ERROR: Trying to assign value of type 'Nil' to a variable of type 'PackedInt32Array'.
   at: scan (res://tools/audit_render_cost.gd:20)
   GDScript backtrace (most recent call first):
       [0] scan (res://tools/audit_render_cost.gd:20)
       [1] scan (res://tools/audit_render_cost.gd:33)
       [2] scan (res://tools/audit_render_cost.gd:33)
       [3] _init (res://tools/audit_render_cost.gd:6)
SCRIPT ERROR: Trying to assign value of type 'Nil' to a variable of type 'PackedInt32Array'.
   at: scan (res://tools/audit_render_cost.gd:20)
   GDScript backtrace (most recent call first):
       [0] scan (res://tools/audit_render_cost.gd:20)
       [1] scan (res://tools/audit_render_cost.gd:33)
       [2] scan (res://tools/audit_render_cost.gd:33)
       [3] _init (res://tools/audit_render_cost.gd:6)
SCRIPT ERROR: Trying to assign value of type 'Nil' to a variable of type 'PackedInt32Array'.
   at: scan (res://tools/audit_render_cost.gd:20)
   GDScript backtrace (most recent call first):
       [0] scan (res://tools/audit_render_cost.gd:20)
       [1] scan (res://tools/audit_render_cost.gd:33)
       [2] scan (res://tools/audit_render_cost.gd:33)
       [3] _init (res://tools/audit_render_cost.gd:6)
SCRIPT ERROR: Trying to assign value of type 'Nil' to a variable of type 'PackedInt32Array'.
   at: scan (res://tools/audit_render_cost.gd:20)
   GDScript backtrace (most recent call first):
       [0] scan (res://tools/audit_render_cost.gd:20)
       [1] scan (res://tools/audit_render_cost.gd:33)
       [2] scan (res://tools/audit_render_cost.gd:33)
       [3] _init (res://tools/audit_render_cost.gd:6)
SCRIPT ERROR: Trying to assign value of type 'Nil' to a variable of type 'PackedInt32Array'.
   at: scan (res://tools/audit_render_cost.gd:20)
   GDScript backtrace (most recent call first):
       [0] scan (res://tools/audit_render_cost.gd:20)
       [1] scan (res://tools/audit_render_cost.gd:33)
       [2] scan (res://tools/audit_render_cost.gd:33)
       [3] _init (res://tools/audit_render_cost.gd:6)
SCRIPT ERROR: Trying to assign value of type 'Nil' to a variable of type 'PackedInt32Array'.
   at: scan (res://tools/audit_render_cost.gd:20)
   GDScript backtrace (most recent call first):
       [0] scan (res://tools/audit_render_cost.gd:20)
       [1] scan (res://tools/audit_render_cost.gd:33)
       [2] scan (res://tools/audit_render_cost.gd:33)
       [3] _init (res://tools/audit_render_cost.gd:6)
SCRIPT ERROR: Trying to assign value of type 'Nil' to a variable of type 'PackedInt32Array'.
   at: scan (res://tools/audit_render_cost.gd:20)
   GDScript backtrace (most recent call first):
       [0] scan (res://tools/audit_render_cost.gd:20)
       [1] scan (res://tools/audit_render_cost.gd:33)
       [2] scan (res://tools/audit_render_cost.gd:33)
       [3] _init (res://tools/audit_render_cost.gd:6)
SCRIPT ERROR: Trying to assign value of type 'Nil' to a variable of type 'PackedInt32Array'.
   at: scan (res://tools/audit_render_cost.gd:20)
   GDScript backtrace (most recent call first):
       [0] scan (res://tools/audit_render_cost.gd:20)
       [1] scan (res://tools/audit_render_cost.gd:33)
       [2] scan (res://tools/audit_render_cost.gd:33)
       [3] _init (res://tools/audit_render_cost.gd:6)
SCRIPT ERROR: Trying to assign value of type 'Nil' to a variable of type 'PackedInt32Array'.
   at: scan (res://tools/audit_render_cost.gd:20)
   GDScript backtrace (most recent call first):
       [0] scan (res://tools/audit_render_cost.gd:20)
       [1] scan (res://tools/audit_render_cost.gd:33)
       [2] scan (res://tools/audit_render_cost.gd:33)
       [3] _init (res://tools/audit_render_cost.gd:6)
SCRIPT ERROR: Trying to assign value of type 'Nil' to a variable of type 'PackedInt32Array'.
   at: scan (res://tools/audit_render_cost.gd:20)
   GDScript backtrace (most recent call first):
       [0] scan (res://tools/audit_render_cost.gd:20)
       [1] scan (res://tools/audit_render_cost.gd:33)
       [2] scan (res://tools/audit_render_cost.gd:33)
       [3] _init (res://tools/audit_render_cost.gd:6)
SCRIPT ERROR: Trying to assign value of type 'Nil' to a variable of type 'PackedInt32Array'.
   at: scan (res://tools/audit_render_cost.gd:20)
   GDScript backtrace (most recent call first):
       [0] scan (res://tools/audit_render_cost.gd:20)
       [1] scan (res://tools/audit_render_cost.gd:33)
       [2] scan (res://tools/audit_render_cost.gd:33)
       [3] _init (res://tools/audit_render_cost.gd:6)
SCRIPT ERROR: Trying to assign value of type 'Nil' to a variable of type 'PackedInt32Array'.
   at: scan (res://tools/audit_render_cost.gd:20)
   GDScript backtrace (most recent call first):
       [0] scan (res://tools/audit_render_cost.gd:20)
       [1] scan (res://tools/audit_render_cost.gd:33)
       [2] scan (res://tools/audit_render_cost.gd:33)
       [3] _init (res://tools/audit_render_cost.gd:6)
SCRIPT ERROR: Trying to assign value of type 'Nil' to a variable of type 'PackedInt32Array'.
   at: scan (res://tools/audit_render_cost.gd:20)
   GDScript backtrace (most recent call first):
       [0] scan (res://tools/audit_render_cost.gd:20)
       [1] scan (res://tools/audit_render_cost.gd:33)
       [2] scan (res://tools/audit_render_cost.gd:33)
       [3] _init (res://tools/audit_render_cost.gd:6)
SCRIPT ERROR: Trying to assign value of type 'Nil' to a variable of type 'PackedInt32Array'.
   at: scan (res://tools/audit_render_cost.gd:20)
   GDScript backtrace (most recent call first):
       [0] scan (res://tools/audit_render_cost.gd:20)
       [1] scan (res://tools/audit_render_cost.gd:33)
       [2] scan (res://tools/audit_render_cost.gd:33)
       [3] _init (res://tools/audit_render_cost.gd:6)
SCRIPT ERROR: Trying to assign value of type 'Nil' to a variable of type 'PackedInt32Array'.
   at: scan (res://tools/audit_render_cost.gd:20)
   GDScript backtrace (most recent call first):
       [0] scan (res://tools/audit_render_cost.gd:20)
       [1] scan (res://tools/audit_render_cost.gd:33)
       [2] scan (res://tools/audit_render_cost.gd:33)
       [3] _init (res://tools/audit_render_cost.gd:6)
SCRIPT ERROR: Trying to assign value of type 'Nil' to a variable of type 'PackedInt32Array'.
   at: scan (res://tools/audit_render_cost.gd:20)
   GDScript backtrace (most recent call first):
       [0] scan (res://tools/audit_render_cost.gd:20)
       [1] scan (res://tools/audit_render_cost.gd:33)
       [2] scan (res://tools/audit_render_cost.gd:33)
       [3] _init (res://tools/audit_render_cost.gd:6)
SCRIPT ERROR: Trying to assign value of type 'Nil' to a variable of type 'PackedInt32Array'.
   at: scan (res://tools/audit_render_cost.gd:20)
   GDScript backtrace (most recent call first):
       [0] scan (res://tools/audit_render_cost.gd:20)
       [1] scan (res://tools/audit_render_cost.gd:33)
       [2] scan (res://tools/audit_render_cost.gd:33)
       [3] _init (res://tools/audit_render_cost.gd:6)
SCRIPT ERROR: Trying to assign value of type 'Nil' to a variable of type 'PackedInt32Array'.
   at: scan (res://tools/audit_render_cost.gd:20)
   GDScript backtrace (most recent call first):
       [0] scan (res://tools/audit_render_cost.gd:20)
       [1] scan (res://tools/audit_render_cost.gd:33)
       [2] scan (res://tools/audit_render_cost.gd:33)
       [3] _init (res://tools/audit_render_cost.gd:6)
SCRIPT ERROR: Trying to assign value of type 'Nil' to a variable of type 'PackedInt32Array'.
   at: scan (res://tools/audit_render_cost.gd:20)
   GDScript backtrace (most recent call first):
       [0] scan (res://tools/audit_render_cost.gd:20)
       [1] scan (res://tools/audit_render_cost.gd:33)
       [2] scan (res://tools/audit_render_cost.gd:33)
       [3] _init (res://tools/audit_render_cost.gd:6)
SCRIPT ERROR: Trying to assign value of type 'Nil' to a variable of type 'PackedInt32Array'.
   at: scan (res://tools/audit_render_cost.gd:20)
   GDScript backtrace (most recent call first):
       [0] scan (res://tools/audit_render_cost.gd:20)
       [1] scan (res://tools/audit_render_cost.gd:33)
       [2] scan (res://tools/audit_render_cost.gd:33)
       [3] _init (res://tools/audit_render_cost.gd:6)
SCRIPT ERROR: Trying to assign value of type 'Nil' to a variable of type 'PackedInt32Array'.
   at: scan (res://tools/audit_render_cost.gd:20)
   GDScript backtrace (most recent call first):
       [0] scan (res://tools/audit_render_cost.gd:20)
       [1] scan (res://tools/audit_render_cost.gd:33)
       [2] scan (res://tools/audit_render_cost.gd:33)
       [3] _init (res://tools/audit_render_cost.gd:6)
SCRIPT ERROR: Trying to assign value of type 'Nil' to a variable of type 'PackedInt32Array'.
   at: scan (res://tools/audit_render_cost.gd:20)
   GDScript backtrace (most recent call first):
       [0] scan (res://tools/audit_render_cost.gd:20)
       [1] scan (res://tools/audit_render_cost.gd:33)
       [2] scan (res://tools/audit_render_cost.gd:33)
       [3] _init (res://tools/audit_render_cost.gd:6)
SCRIPT ERROR: Trying to assign value of type 'Nil' to a variable of type 'PackedInt32Array'.
   at: scan (res://tools/audit_render_cost.gd:20)
   GDScript backtrace (most recent call first):
       [0] scan (res://tools/audit_render_cost.gd:20)
       [1] scan (res://tools/audit_render_cost.gd:33)
       [2] scan (res://tools/audit_render_cost.gd:33)
       [3] scan (res://tools/audit_render_cost.gd:33)
       [4] _init (res://tools/audit_render_cost.gd:6)
{
  "lights": 85,
  "materials": 1022,
  "meshes": 8644,
  "multimeshes": 57,
  "particle_amount": 8800,
  "particles": 4,
  "shadow_lights": 65,
  "surfaces": 8729,
  "triangles": 673384,
  "unfaded_lights": 46
}
SCRIPT ERROR: Trying to assign value of type 'Nil' to a variable of type 'PackedInt32Array'.
   at: scan (res://tools/audit_render_cost.gd:20)
   GDScript backtrace (most recent call first):
       [0] scan (res://tools/audit_render_cost.gd:20)
       [1] scan (res://tools/audit_render_cost.gd:33)
       [2] scan (res://tools/audit_render_cost.gd:33)
       [3] _init (res://tools/audit_render_cost.gd:11)
SCHOOL {"lights":11,"materials":82,"meshes":1617,"shadow_lights":11,"triangles":85864}
ERROR: Failed to read the root certificate store.
   at: get_system_ca_certificates (platform/windows/os_windows.cpp:2582)
