Godot Engine v4.7.2.stable.official.ed1daf0bf - https://godotengine.org

ERROR: Failed to read the root certificate store.
   at: get_system_ca_certificates (platform/windows/os_windows.cpp:2582)
[   0% ] first_scan_filesystem | Started Inicialización del proyecto (5 steps)
[   0% ] first_scan_filesystem | Escaneando la estructura del archivo...
[  16% ] first_scan_filesystem | Cargando nombres de clases globales...
[  33% ] first_scan_filesystem | Verificando GDExtensions...
[  50% ] first_scan_filesystem | Creando scripts de carga automática...
[  66% ] first_scan_filesystem | Inicializando plugins...
[  83% ] first_scan_filesystem | Iniciando escaneo de archivos...
[ DONE ] first_scan_filesystem

[   0% ] update_scripts_classes | Started Registrando clases globales... (3 steps)
[   0% ] update_scripts_classes | 
[  25% ] update_scripts_classes | 
[  50% ] update_scripts_classes | 
[ DONE ] update_scripts_classes

[   0% ] loading_editor_layout | Started Cargando editor (5 steps)
[   0% ] loading_editor_layout | Cargando diseño del editor...
[  16% ] loading_editor_layout | Cargando docks...
[  33% ] loading_editor_layout | Reabriendo escenas...
[  50% ] loading_editor_layout | Cargando el diseño del editor central...
[  66% ] loading_editor_layout | Cargando Layout de la ventana del plugin...
[  83% ] loading_editor_layout | Diseño del editor listo.
[ DONE ] loading_editor_layout

ERROR: Cannot save file 'C:/Users/papar/AppData/Roaming/Godot/editor_settings-4.7.tres'.
   at: save (scene/resources/resource_format_text.cpp:1768)
ERROR: Error saving editor settings to C:/Users/papar/AppData/Roaming/Godot/editor_settings-4.7.tres
   at: save (editor/settings/editor_settings.cpp:1525)
