Godot Engine v4.7.2.stable.official.ed1daf0bf - https://godotengine.org

ERROR: Failed to read the root certificate store.
   at: get_system_ca_certificates (platform/windows/os_windows.cpp:2582)
GroundFloor/LowerNorth_ConnectorFloor6/Mesh | [P: (-26.59682, 3.932139, -5.982323), S: (24.44415, 0.199999, 4.157789)]
GroundFloor/LowerNorth_ConnectorFloor8/Mesh | [P: (-30.25245, 3.932137, -17.35351), S: (3.797375, 0.200002, 17.47606)]
GroundFloor/LowerNorth_ConnectorFloor5/Mesh | [P: (-22.60053, 3.930481, -1.832738), S: (7.780406, 0.199997, 7.018674)]
GroundFloor/LowerNorth_ConnectorFloor7/Mesh | [P: (-26.62186, 3.930482, -13.95373), S: (12.37985, 0.199995, 8.003962)]
GroundFloor/LowerNorth_EntranceLintel3/Mesh2 | [P: (-17.87518, 2.9, -2.026509), S: (2.375965, 1.1, 0.22)]
GroundFloor/GroundCeilingSouth | [P: (-2.315762, 4.001941, 5.469199), S: (4.6, 0.04, 5.5)]
GroundFloor/ExteriorWalls/WindowUpperWall_08/Mesh | [P: (-13.93819, 2.75, -2.027278), S: (2.799999, 1.256653, 0.22)]
GroundFloor/ExteriorWalls/WindowUpperWall_08/Mesh2 | [P: (-10.69606, 2.75, -6.120596), S: (2.800891, 1.256653, 0.231644)]
GroundFloor/ReceptionAndHall/Wall_02/Mesh | [P: (-2.517534, 0.0, -2.023777), S: (0.226244, 4.0, 6.445975)]
GroundFloor/ReceptionAndHall/Wall_10/Mesh | [P: (-4.082176, 0.0, -2.023776), S: (0.226244, 4.0, 6.986893)]
GroundFloor/ReceptionAndHall/Wall_13/Mesh | [P: (-4.097595, 0.0, -10.95936), S: (0.22, 4.149414, 4.865534)]
GroundFloor/ReceptionAndHall/Wall_14/Mesh | [P: (-4.097595, 0.0, -10.95936), S: (0.22, 4.149414, 4.865534)]
GroundFloor/ReceptionAndHall/Wall_15/Mesh | [P: (-15.01966, 0.0, -1.816859), S: (0.219999, 4.149414, 6.868295)]
GroundFloor/ReceptionAndHall/Wall_15/Mesh2 | [P: (-22.67714, 0.0, -1.816859), S: (0.220001, 4.149414, 6.868295)]
GroundFloor/ReceptionAndHall/Wall_05/Mesh | [P: (-4.0, 0.0, -6.11), S: (2.9, 4.0, 0.22)]
GroundFloor/ReceptionAndHall/Wall_08/Mesh | [P: (-7.961201, 0.0, -6.109979), S: (4.524282, 4.0, 0.22)]
GroundFloor/ReceptionAndHall/Wall_18/Mesh | [P: (-21.37591, 0.0, -6.109979), S: (10.76696, 4.0, 0.22)]
GroundFloor/ReceptionAndHall/Wall_09/Mesh | [P: (-11.16037, 0.0, -2.025295), S: (8.857743, 4.0, 0.22)]
GroundFloor/ReceptionAndHall/Wall_16/Mesh | [P: (-26.66272, 0.000019, -2.025294), S: (8.80537, 3.999962, 0.219998)]
GroundFloor/ReceptionAndHall/Wall_19/Mesh | [P: (-26.65344, 0.0, -6.110792), S: (2.986229, 4.0, 0.22)]
GroundFloor/ReceptionAndHall/Wall_17/Mesh | [P: (-22.67761, 0.0, 5.039837), S: (7.877373, 4.0, 0.22)]
GroundFloor/ReceptionAndHall/Wall_20/Mesh | [P: (-30.11669, 0.0, 3.675792), S: (3.668392, 4.0, 0.22)]
GroundFloor/ReceptionAndHall/BasementDoorLintel/Mesh | [P: (-1.127051, 2.809961, -6.11), S: (2.254102, 1.147265, 0.22)]
GroundFloor/ReceptionAndHall/BasementDoorLintel3/Mesh | [P: (-23.6818, 2.809961, -6.11), S: (2.39463, 1.147265, 0.22)]
GroundFloor/ReceptionAndHall/BasementDoorLintel4/Mesh | [P: (-23.6818, 2.809961, -6.11), S: (2.39463, 1.147265, 0.22)]
GroundFloor/ReceptionAndHall/EntryLeftRoom/DoorWallRear/Mesh | [P: (-2.51, 0.0, 4.05), S: (0.22, 4.0, 2.05)]
GroundFloor/ReceptionAndHall/EntryLeftRoom/BackWall/Mesh | [P: (-7.0, 0.0, 4.89), S: (4.6, 4.0, 0.22)]
GroundFloor/ReceptionAndHall/EntryLeftRoom/WestWall/Mesh3 | [P: (-14.25739, 0.0, -8.817121), S: (0.227358, 4.0, 2.721933)]
UpperFloor/ChurchBalconyFrontRail2/BottomPlinth | [P: (-5.476239, 8.398856, -11.1327), S: (0.328438, 0.200001, 22.2588)]
UpperFloor/ChurchBalconyFrontRail2/BottomTrim | [P: (-5.44598, 8.588857, -11.0017), S: (0.26792, 0.07, 21.99681)]
UpperFloor/UpperFloorSlabWest/Mesh | [P: (-5.425509, 3.927282, -11.13969), S: (3.140371, 0.270136, 22.22796)]
UpperFloor/UpperFloorSlabWest2/Mesh | [P: (-7.114081, 3.928256, 4.882985), S: (2.415933, 0.27081, 6.244179)]
UpperFloor/Mesh2 | [P: (-0.05132, 3.921926, -11.12689), S: (13.18113, 0.277557, 16.6131)]
UpperFloor/UpperFloorSlabNorth/Mesh | [P: (-2.600453, 3.926751, -21.7845), S: (5.728064, 0.273608, 19.28266)]
UpperFloor/UpperFloorSlabSouth/Mesh | [P: (-4.706337, 3.928886, 4.684814), S: (17.83816, 0.26958, 6.441162)]
UpperFloor/RoofCeiling/Mesh | [P: (-5.410222, 8.2, -11.11765), S: (18.51791, 0.200001, 22.22556)]
UpperFloor/ExteriorWalls/Wall_08/Mesh | [P: (-5.389433, 4.2, -11.0), S: (0.22, 4.0, 4.1)]
UpperFloor/ExteriorWalls/WallBaseboard_08 | [P: (-5.425594, 4.2, -11.0), S: (0.278745, 0.24, 4.1)]
UpperFloor/ExteriorWalls/WindowLowerWall_06/Mesh | [P: (-5.39185, 4.203717, -6.9), S: (0.22, 1.042566, 2.8)]
UpperFloor/ExteriorWalls/WindowLowerWallBaseboard_06 | [P: (-5.414433, 4.2, -6.9), S: (0.27, 0.24, 2.8)]
UpperFloor/ExteriorWalls/WindowUpperWall_06/Mesh | [P: (-5.389433, 7.038257, -6.9), S: (0.22, 1.160767, 2.8)]
UpperFloor/ExteriorWalls/WindowUpperWallBaseboard_06 | [P: (-5.414433, 6.95, -6.9), S: (0.27, 0.24, 2.8)]
UpperFloor/ExteriorWalls/WindowGlass_06/Mesh | [P: (-5.296933, 5.25, -6.84), S: (0.035, 1.7, 2.68)]
UpperFloor/ExteriorWalls/WindowFrameBottom_06 | [P: (-5.396553, 5.205, -6.9), S: (0.227119, 0.09, 2.8)]
UpperFloor/ExteriorWalls/WindowFrameTop_06 | [P: (-5.39185, 6.905, -6.9), S: (0.22, 0.09, 2.8)]
UpperFloor/ExteriorWalls/Wall_09/Mesh | [P: (-5.389433, 4.2, -4.1), S: (0.22, 4.0, 6.653638)]
UpperFloor/ExteriorWalls/WallBaseboard_09 | [P: (-5.414433, 4.2, -4.1), S: (0.27, 0.24, 11.06434)]
UpperFloor/ExteriorWalls/WindowLowerWall_07/Mesh | [P: (-5.389433, 4.2, 2.543832), S: (0.22, 1.004004, 2.8)]
UpperFloor/ExteriorWalls/WindowUpperWall_07/Mesh | [P: (-5.389433, 6.99541, 2.543832), S: (0.22, 1.20459, 2.8)]
UpperFloor/ExteriorWalls/WindowUpperWallBaseboard_07 | [P: (-5.411966, 6.95, 2.543832), S: (0.27, 0.24, 2.8)]
UpperFloor/ExteriorWalls/WindowGlass_07/Mesh | [P: (-5.296933, 5.25, 2.603832), S: (0.035, 1.7, 2.68)]
UpperFloor/ExteriorWalls/WindowFrameBottom_07 | [P: (-5.399062, 5.205, 2.56648), S: (0.229629, 0.09, 2.8)]
UpperFloor/ExteriorWalls/WindowFrameTop_07 | [P: (-5.387546, 6.905, 2.56648), S: (0.22, 0.09, 2.8)]
OldHVACUnit/GeneratedDetail/ConcretePad | [P: (-4.181484, 8.397287, 0.373884), S: (2.643306, 0.212223, 1.545911)]
OldHVACUnit2/GeneratedDetail/ConcretePad | [P: (-4.181484, 8.397287, 3.15741), S: (2.643306, 0.212223, 1.545911)]
CompactStaircase/Visual | [P: (-2.494716, 0.02368, -2.484741), S: (2.33292, 5.259545, 5.487737)]
StairwellGuardrailParts/LongSide/Visual | [P: (-0.015779, 4.2, -2.388204), S: (0.14, 1.05, 7.1)]
StairwellGuardrailParts/LongSide/LongSide/Visual | [P: (-2.444632, 4.191309, -2.44251), S: (0.14, 1.05, 7.1)]
StairwellGuardrailParts/ShortSide/Visual | [P: (-2.40688, 4.2, 4.699833), S: (2.524462, 1.05, 0.178947)]
NewFrontHouseDecor/BalconyBalustradeSample/BottomPlinth | [P: (-7.085296, 4.009446, 5.22519), S: (0.285123, 0.2, 7.285494)]
NewFrontHouseDecor/BalconyBalustradeSample/BottomTrim | [P: (-7.055241, 4.199446, 5.361812), S: (0.225014, 0.07, 7.012249)]
NewFrontHouseDecor/BalconyBalustradeSample/TopRail | [P: (-7.095279, 4.924446, 5.225182), S: (0.30509, 0.17, 7.285511)]
NewFrontHouseDecor/BalconyBalustradeSample/TopRailCap | [P: (-7.125334, 5.089446, 5.088561), S: (0.365199, 0.07, 7.558753)]
FurnitureAndPickups/LivingRoomCurtains7/CurtainRod | [P: (-5.086633, 7.566568, 1.850826), S: (0.104752, 0.092046, 4.232047)]
FurnitureAndPickups/LivingRoomCurtains7/TopSwagLeft | [P: (-5.114899, 7.015737, 1.895485), S: (0.292947, 0.595417, 2.097121)]
FurnitureAndPickups/LivingRoomCurtains7/TopSwagRight | [P: (-5.127014, 7.015743, 3.9418), S: (0.292947, 0.595405, 2.097121)]
FurnitureAndPickups/LivingRoomCurtains8/CurtainRod | [P: (-5.02158, 7.566568, -7.580595), S: (0.104752, 0.092046, 4.232047)]
FurnitureAndPickups/LivingRoomCurtains8/TopSwagLeft | [P: (-5.049846, 7.015737, -7.535935), S: (0.292947, 0.595417, 2.097122)]
FurnitureAndPickups/LivingRoomCurtains8/TopSwagRight | [P: (-5.061961, 7.015743, -5.489621), S: (0.292947, 0.595405, 2.097121)]
FurnitureAndPickups/StraightThreeStepSection12/Step03/Tread | [P: (-30.07025, 3.827173, -1.757579), S: (3.527, 0.16, 2.081181)]
DetailedBasementBoiler21/Chimney | [P: (-2.818172, 3.59027, -6.440607), S: (5.846739, 0.223503, 0.306708)]
BranchWestWall/Mesh | [P: (-30.26071, 0.0, -17.38561), S: (0.220001, 4.0, 21.27733)]
BranchEastNorthWall/Mesh | [P: (-26.653, 0.0, -8.136801), S: (0.220001, 4.0, 2.216076)]
BranchEastNorthWall2/Mesh | [P: (-24.17835, 0.0, -14.10829), S: (0.220001, 4.0, 8.049006)]
BranchEastSouthWall/Mesh | [P: (-26.66, 0.171045, -2.016474), S: (0.220001, 3.945313, 5.913354)]
